#
# A fatal error has been detected by the Java Runtime Environment:
#
#  EXCEPTION_IN_PAGE_ERROR (0xc0000006) at pc=0x00007ffeac4283da, pid=296, tid=18584
#
# JRE version: OpenJDK Runtime Environment Temurin-21.0.9+10 (21.0.9+10) (build 21.0.9+10-LTS)
# Java VM: OpenJDK 64-Bit Server VM Temurin-21.0.9+10 (21.0.9+10-LTS, mixed mode, sharing, tiered, compressed oops, compressed class ptrs, parallel gc, windows-amd64)
# Problematic frame:
# V  [jvm.dll+0x2583da]
#
# No core dump will be written. Minidumps are not enabled by default on client versions of Windows
#
# If you would like to submit a bug report, please visit:
#   https://github.com/adoptium/adoptium-support/issues
#

---------------  S U M M A R Y ------------

Command Line: --add-modules=ALL-SYSTEM --add-opens=java.base/java.util=ALL-UNNAMED --add-opens=java.base/java.lang=ALL-UNNAMED --add-opens=java.base/sun.nio.fs=ALL-UNNAMED -Declipse.application=org.eclipse.jdt.ls.core.id1 -Dosgi.bundles.defaultStartLevel=4 -Declipse.product=org.eclipse.jdt.ls.core.product -Djava.import.generatesMetadataFilesAtProjectRoot=false -DDetectVMInstallationsJob.disabled=true -Dfile.encoding=utf8 -XX:+UseParallelGC -XX:GCTimeRatio=4 -XX:AdaptiveSizePolicyWeight=90 -Dsun.zip.disableMemoryMapping=true -Xmx2G -Xms100m -Xlog:disable -javaagent:c:\Users\DELL\.vscode\extensions\redhat.java-1.50.0-win32-x64\lombok\lombok-1.18.39-4050.jar -XX:+HeapDumpOnOutOfMemoryError -XX:HeapDumpPath=c:\Users\DELL\AppData\Roaming\Code\User\workspaceStorage\30503a760538dbedccd611e4cef3291b\redhat.java -Daether.dependencyCollector.impl=bf c:\Users\DELL\.vscode\extensions\redhat.java-1.50.0-win32-x64\server\plugins\org.eclipse.equinox.launcher_1.7.100.v20251111-0406.jar -configuration c:\Users\DELL\AppData\Roaming\Code\User\globalStorage\redhat.java\1.50.0\config_win -data c:\Users\DELL\AppData\Roaming\Code\User\workspaceStorage\30503a760538dbedccd611e4cef3291b\redhat.java\jdt_ws --pipe=\\.\pipe\lsp-f2d8eadc42c15622c25316be30cb5e13-sock

Host: Intel(R) Core(TM) i7-8650U CPU @ 1.90GHz, 8 cores, 7G,  Windows 11 , 64 bit Build 26100 (10.0.26100.7309)
Time: Mon Dec 29 18:25:21 2025 India Standard Time elapsed time: 282173.240575 seconds (3d 6h 22m 53s)

---------------  T H R E A D  ---------------

Current thread (0x00000268494ec980):  JavaThread "C2 CompilerThread0" daemon [_thread_in_vm, id=18584, stack(0x000000fbd7200000,0x000000fbd7300000) (1024K)]


Current CompileTask:
C2:282173241 10731       4       java.util.concurrent.ScheduledThreadPoolExecutor::canRunInCurrentRunState (61 bytes)

Stack: [0x000000fbd7200000,0x000000fbd7300000],  sp=0x000000fbd72fedd0,  free space=1019k
Native frames: (J=compiled Java code, j=interpreted, Vv=VM code, C=native code)
V  [jvm.dll+0x2583da]
V  [jvm.dll+0x25b5f3]
V  [jvm.dll+0x25982a]
V  [jvm.dll+0x3f7ea6]
V  [jvm.dll+0x85e9ad]
V  [jvm.dll+0x6d565d]
C  [ucrtbase.dll+0x37b0]
C  [KERNEL32.DLL+0x2e8d7]
C  [ntdll.dll+0x8c53c]


siginfo: EXCEPTION_IN_PAGE_ERROR (0xc0000006), writing address 0x00000268473f3008


Registers:
RAX=0x00000268496182d0, RBX=0x00007ffeace8c0f0, RCX=0x00000268473f3008, RDX=0x0000000000000059
RSP=0x000000fbd72fedd0, RBP=0x000000fbd72fee20, RSI=0x00000268618769f0, RDI=0x00000000000006ed
R8 =0xffffffffffffffff, R9 =0x8101010101010100, R10=0x8101010101010100, R11=0x00000268473f2d66
R12=0x00000000ffffffff, R13=0x00000268494ec8d0, R14=0x000000fbd72feef0, R15=0x0000000000000004
RIP=0x00007ffeac4283da, EFLAGS=0x0000000000010216

XMM[0]=0x0000000000000000 0x416312d000000000
XMM[1]=0x0000000000000000 0x0000026847104300
XMM[2]=0x0000000000000000 0x0000000000000000
XMM[3]=0x0000000000000000 0x0000000000000000
XMM[4]=0x0000000000000000 0x0000000000000000
XMM[5]=0x0000000000000000 0x0000000000000000
XMM[6]=0x0000000000000000 0x0000000000000000
XMM[7]=0x0000000000000000 0x0000000000000000
XMM[8]=0x0000000000000000 0x0000000000000000
XMM[9]=0x0000000000000000 0x0000000000000000
XMM[10]=0x0000000000000000 0x0000000000000000
XMM[11]=0x0000000000000000 0x0000000000000000
XMM[12]=0x0000000000000000 0x0000000000000000
XMM[13]=0x0000000000000000 0x0000000000000000
XMM[14]=0x0000000000000000 0x0000000000000000
XMM[15]=0x0000000000000000 0x0000000000000000
  MXCSR=0x00001fa0


Register to memory mapping:

RAX=0x00000268496182d0 points into unknown readable memory: 0x00007ffeacc66bc8 | c8 6b c6 ac fe 7f 00 00
RBX=0x00007ffeace8c0f0 jvm.dll
RCX=0x00000268473f3008 is an unknown value
RDX=0x0000000000000059 is an unknown value
RSP=0x000000fbd72fedd0 is pointing into the stack for thread: 0x00000268494ec980
RBP=0x000000fbd72fee20 is pointing into the stack for thread: 0x00000268494ec980
RSI=0x00000268618769f0 points into unknown readable memory: 0x0000026861860ec0 | c0 0e 86 61 68 02 00 00
RDI=0x00000000000006ed is an unknown value
R8 =0xffffffffffffffff is an unknown value
R9 =0x8101010101010100 is an unknown value
R10=0x8101010101010100 is an unknown value
R11=0x00000268473f2d66 points into unknown readable memory: 6a 61
R12=0x00000000ffffffff is an unallocated location in the heap
R13=0x00000268494ec8d0 points into unknown readable memory: 0x6974752f6176616a | 6a 61 76 61 2f 75 74 69
R14=0x000000fbd72feef0 is pointing into the stack for thread: 0x00000268494ec980
R15=0x0000000000000004 is an unknown value

Top of Stack: (sp=0x000000fbd72fedd0)
0x000000fbd72fedd0:   00007ffeace8c0f0 00000268618769f0
0x000000fbd72fede0:   0000000000000000 00007ffeace7bcc0
0x000000fbd72fedf0:   000002686239ad18 00000268494ec980
0x000000fbd72fee00:   00000000000dc084 0000000000000000
0x000000fbd72fee10:   0000026847104300 000002686239ad18
0x000000fbd72fee20:   0000000000000000 0000000000000000
0x000000fbd72fee30:   0000026868ce40d0 0000000000000000
0x000000fbd72fee40:   00000268618769f0 00000268494ec980
0x000000fbd72fee50:   000000fbd72fef60 00007ffeac42b5f3
0x000000fbd72fee60:   0000026861876901 00000268ffffffff
0x000000fbd72fee70:   000000fb00000004 00000268472a3620
0x000000fbd72fee80:   00000268494ed001 00000268472a3620
0x000000fbd72fee90:   0000000000000000 0000000000000000
0x000000fbd72feea0:   0000000000000000 0000000000000000
0x000000fbd72feeb0:   ffffffff00000000 000000004961fa00
0x000000fbd72feec0:   000002686239ad18 00000268472a3620
0x000000fbd72feed0:   0000000000000004 00000268495db050
0x000000fbd72feee0:   00000268496201f0 00000268494ed408
0x000000fbd72feef0:   00000000000dc084 0000000000000000
0x000000fbd72fef00:   0000026847104300 0000000000000000
0x000000fbd72fef10:   00000000000029eb 00000268494ed020
0x000000fbd72fef20:   00000000000003d8 00000268494ed030
0x000000fbd72fef30:   000002686239ad18 00000268494ec980
0x000000fbd72fef40:   00000000000dc084 0000000000000000
0x000000fbd72fef50:   0000026847104300 00000268494ed020
0x000000fbd72fef60:   00000000000003d8 00000268494ed030
0x000000fbd72fef70:   00000268494ed408 0000000000002210
0x000000fbd72fef80:   000002684710a5c0 0000026847100cc0
0x000000fbd72fef90:   0000000000000000 0000000000000000
0x000000fbd72fefa0:   0000000000000000 0000000000000000
0x000000fbd72fefb0:   0000000000002050 0000026847280000
0x000000fbd72fefc0:   0000000000000205 0000000000000020 

Instructions: (pc=0x00007ffeac4283da)
0x00007ffeac4282da:   45 e0 83 ff ff 74 13 49 8d 4f d8 e8 06 1a 61 00
0x00007ffeac4282ea:   45 01 67 f0 41 ff 47 f4 eb 11 49 8d 4f b8 e8 f3
0x00007ffeac4282fa:   19 61 00 45 01 67 d0 41 ff 47 d4 8b 46 2c 41 01
0x00007ffeac42830a:   47 f8 8b 46 30 41 01 47 fc 44 8b 7d 50 8b 45 40
0x00007ffeac42831a:   41 83 ff 04 75 09 4c 8b 3d 89 22 a4 00 eb 0c 83
0x00007ffeac42832a:   f8 02 77 5a 4c 8b 3d 73 22 a4 00 4d 85 ff 74 4e
0x00007ffeac42833a:   f2 41 0f 10 4e 10 48 8d 55 e0 f2 0f 11 4d f0 41
0x00007ffeac42834a:   0f 10 06 0f 29 45 e0 83 ff ff 74 13 49 8d 4f 38
0x00007ffeac42835a:   e8 91 19 61 00 45 01 67 50 41 ff 47 54 eb 11 49
0x00007ffeac42836a:   8d 4f 18 e8 7e 19 61 00 45 01 67 30 41 ff 47 34
0x00007ffeac42837a:   8b 46 2c 41 01 47 58 8b 46 30 41 01 47 5c 44 8b
0x00007ffeac42838a:   65 48 80 3d 44 19 9e 00 00 0f 84 94 00 00 00 48
0x00007ffeac42839a:   8b 0d c0 22 a4 00 49 8b d5 e8 18 0d 4a 00 48 8b
0x00007ffeac4283aa:   05 c9 22 a4 00 49 63 95 a0 00 00 00 48 8b 48 28
0x00007ffeac4283ba:   48 89 11 48 8b 45 d0 48 8b 48 08 0f b7 41 22 03
0x00007ffeac4283ca:   46 54 48 63 d0 48 8b 05 aa 22 a4 00 48 8b 48 28
0x00007ffeac4283da:   48 89 11 41 83 fc ff 74 1a 48 8b 05 1e 22 a4 00
0x00007ffeac4283ea:   48 8b 48 28 49 8b 06 48 01 01 48 8b 05 45 22 a4
0x00007ffeac4283fa:   00 eb 18 48 8b 05 0c 22 a4 00 48 8b 48 28 49 8b
0x00007ffeac42840a:   06 48 01 01 48 8b 05 33 22 a4 00 48 8b 50 28 48
0x00007ffeac42841a:   8b 45 d0 48 8b 48 08 0f b7 41 22 03 46 54 48 98
0x00007ffeac42842a:   48 01 02 8b 46 2c 01 05 82 22 a4 00 8b 46 30 01
0x00007ffeac42843a:   05 7d 22 a4 00 ff 05 a7 21 a4 00 80 3d 8b 18 9e
0x00007ffeac42844a:   00 00 74 32 48 8b 05 fb 21 a4 00 48 8b 48 28 48
0x00007ffeac42845a:   63 46 2c 48 01 01 48 8b 05 f1 21 a4 00 48 8b 48
0x00007ffeac42846a:   28 48 63 46 30 48 01 01 48 8b 05 af 21 a4 00 48
0x00007ffeac42847a:   8b 48 28 48 ff 01 41 83 fc ff 74 1f 80 3d 4a 18
0x00007ffeac42848a:   9e 00 00 74 0e 48 8b 05 9a 21 a4 00 48 8b 48 28
0x00007ffeac42849a:   48 ff 01 ff 05 fd 21 a4 00 eb 1d 80 3d 2b 18 9e
0x00007ffeac4284aa:   00 00 74 0e 48 8b 05 83 21 a4 00 48 8b 48 28 48
0x00007ffeac4284ba:   ff 01 ff 05 e2 21 a4 00 80 3d 0e 18 9e 00 00 74
0x00007ffeac4284ca:   1e 41 b8 9f 00 00 00 48 8d 15 68 fb 6f 00 49 8b 


Stack slot to memory mapping:

stack at sp + 0 slots: 0x00007ffeace8c0f0 jvm.dll
stack at sp + 1 slots: 0x00000268618769f0 points into unknown readable memory: 0x0000026861860ec0 | c0 0e 86 61 68 02 00 00
stack at sp + 2 slots: 0x0 is null
stack at sp + 3 slots: 0x00007ffeace7bcc0 jvm.dll
stack at sp + 4 slots: {method} {0x000002686239ad20} 'canRunInCurrentRunState' '(Ljava/util/concurrent/RunnableScheduledFuture;)Z' in 'java/util/concurrent/ScheduledThreadPoolExecutor'
stack at sp + 5 slots: 0x00000268494ec980 is a thread
stack at sp + 6 slots: 0x00000000000dc084 is an unknown value
stack at sp + 7 slots: 0x0 is null


---------------  P R O C E S S  ---------------

Threads class SMR info:
_java_thread_list=0x000002686a5efbb0, length=56, elements={
0x000002684956cfc0, 0x000002684962a1e0, 0x000002684962c720, 0x00000268494e3f50,
0x00000268494e6bb0, 0x00000268494eb100, 0x00000268494ebb50, 0x00000268494ec980,
0x00000268617eb750, 0x0000026861979150, 0x0000026861ae4120, 0x00000268663c42b0,
0x00000268665e7bf0, 0x00000268661d45b0, 0x000002686624a440, 0x000002686670a310,
0x00000268668f3110, 0x0000026866c93120, 0x00000268666ef250, 0x0000026866a7bde0,
0x0000026866a7e540, 0x0000026869f69f70, 0x0000026869f698e0, 0x0000026869f6b9b0,
0x0000026869f6a600, 0x0000026869f6b320, 0x0000026869f6ac90, 0x0000026869f68530,
0x0000026869f6c040, 0x0000026869f68bc0, 0x0000026869f6e7a0, 0x0000026869f6ee30,
0x0000026869f6cd60, 0x0000026869f6f4c0, 0x0000026869f6fb50, 0x0000026869f6d3f0,
0x0000026868b337f0, 0x0000026868b34510, 0x0000026868b34ba0, 0x0000026868b358c0,
0x0000026868b32440, 0x0000026868b35f50, 0x0000026868b32ad0, 0x0000026868b38d40,
0x0000026868b393d0, 0x0000026868b365e0, 0x0000026868b37990, 0x0000026868b36c70,
0x0000026866a7cb00, 0x0000026866a7b750, 0x0000026866a7d820, 0x0000026869f6e110,
0x0000026868b37300, 0x0000026873dcfc10, 0x0000026873dd02a0, 0x0000026873dd0fc0
}

Java Threads: ( => current thread )
  0x000002684956cfc0 JavaThread "main"                              [_thread_blocked, id=17024, stack(0x000000fbd6800000,0x000000fbd6900000) (1024K)]
  0x000002684962a1e0 JavaThread "Reference Handler"          daemon [_thread_blocked, id=2344, stack(0x000000fbd6c00000,0x000000fbd6d00000) (1024K)]
  0x000002684962c720 JavaThread "Finalizer"                  daemon [_thread_blocked, id=20704, stack(0x000000fbd6d00000,0x000000fbd6e00000) (1024K)]
  0x00000268494e3f50 JavaThread "Signal Dispatcher"          daemon [_thread_blocked, id=18116, stack(0x000000fbd6e00000,0x000000fbd6f00000) (1024K)]
  0x00000268494e6bb0 JavaThread "Attach Listener"            daemon [_thread_blocked, id=15036, stack(0x000000fbd6f00000,0x000000fbd7000000) (1024K)]
  0x00000268494eb100 JavaThread "Service Thread"             daemon [_thread_blocked, id=21328, stack(0x000000fbd7000000,0x000000fbd7100000) (1024K)]
  0x00000268494ebb50 JavaThread "Monitor Deflation Thread"   daemon [_thread_blocked, id=20364, stack(0x000000fbd7100000,0x000000fbd7200000) (1024K)]
=>0x00000268494ec980 JavaThread "C2 CompilerThread0"         daemon [_thread_in_vm, id=18584, stack(0x000000fbd7200000,0x000000fbd7300000) (1024K)]
  0x00000268617eb750 JavaThread "C1 CompilerThread0"         daemon [_thread_blocked, id=19392, stack(0x000000fbd7300000,0x000000fbd7400000) (1024K)]
  0x0000026861979150 JavaThread "Common-Cleaner"             daemon [_thread_blocked, id=3224, stack(0x000000fbd7400000,0x000000fbd7500000) (1024K)]
  0x0000026861ae4120 JavaThread "Notification Thread"        daemon [_thread_blocked, id=12412, stack(0x000000fbd7500000,0x000000fbd7600000) (1024K)]
  0x00000268663c42b0 JavaThread "Active Thread: Equinox Container: ca59c713-24e6-4983-b153-e73f365d75d7"        [_thread_blocked, id=372, stack(0x000000fbd7600000,0x000000fbd7700000) (1024K)]
  0x00000268665e7bf0 JavaThread "Refresh Thread: Equinox Container: ca59c713-24e6-4983-b153-e73f365d75d7" daemon [_thread_blocked, id=16592, stack(0x000000fbd7d00000,0x000000fbd7e00000) (1024K)]
  0x00000268661d45b0 JavaThread "Framework Event Dispatcher: Equinox Container: ca59c713-24e6-4983-b153-e73f365d75d7" daemon [_thread_blocked, id=13920, stack(0x000000fbd7f00000,0x000000fbd8000000) (1024K)]
  0x000002686624a440 JavaThread "Start Level: Equinox Container: ca59c713-24e6-4983-b153-e73f365d75d7" daemon [_thread_blocked, id=19464, stack(0x000000fbd8000000,0x000000fbd8100000) (1024K)]
  0x000002686670a310 JavaThread "Bundle File Closer"         daemon [_thread_blocked, id=20004, stack(0x000000fbd8200000,0x000000fbd8300000) (1024K)]
  0x00000268668f3110 JavaThread "SCR Component Actor"        daemon [_thread_blocked, id=3708, stack(0x000000fbd8100000,0x000000fbd8200000) (1024K)]
  0x0000026866c93120 JavaThread "Worker-JM"                         [_thread_blocked, id=19196, stack(0x000000fbd8300000,0x000000fbd8400000) (1024K)]
  0x00000268666ef250 JavaThread "JNA Cleaner"                daemon [_thread_blocked, id=13648, stack(0x000000fbd8400000,0x000000fbd8500000) (1024K)]
  0x0000026866a7bde0 JavaThread "Java indexing"              daemon [_thread_blocked, id=18812, stack(0x000000fbd8a00000,0x000000fbd8b00000) (1024K)]
  0x0000026866a7e540 JavaThread "Thread-1"                   daemon [_thread_in_native, id=16132, stack(0x000000fbd9300000,0x000000fbd9400000) (1024K)]
  0x0000026869f69f70 JavaThread "Thread-2"                   daemon [_thread_in_native, id=7204, stack(0x000000fbd9400000,0x000000fbd9500000) (1024K)]
  0x0000026869f698e0 JavaThread "Thread-3"                   daemon [_thread_in_native, id=16920, stack(0x000000fbd9500000,0x000000fbd9600000) (1024K)]
  0x0000026869f6b9b0 JavaThread "Thread-4"                   daemon [_thread_in_native, id=21452, stack(0x000000fbd9600000,0x000000fbd9700000) (1024K)]
  0x0000026869f6a600 JavaThread "Thread-5"                   daemon [_thread_in_native, id=2732, stack(0x000000fbd9700000,0x000000fbd9800000) (1024K)]
  0x0000026869f6b320 JavaThread "Thread-6"                   daemon [_thread_in_native, id=15948, stack(0x000000fbd9800000,0x000000fbd9900000) (1024K)]
  0x0000026869f6ac90 JavaThread "Thread-7"                   daemon [_thread_in_native, id=3552, stack(0x000000fbd9900000,0x000000fbd9a00000) (1024K)]
  0x0000026869f68530 JavaThread "Thread-8"                   daemon [_thread_in_native, id=20428, stack(0x000000fbd9a00000,0x000000fbd9b00000) (1024K)]
  0x0000026869f6c040 JavaThread "Thread-9"                   daemon [_thread_in_native, id=2516, stack(0x000000fbd9b00000,0x000000fbd9c00000) (1024K)]
  0x0000026869f68bc0 JavaThread "pool-2-thread-1"                   [_thread_blocked, id=1604, stack(0x000000fbd9c00000,0x000000fbd9d00000) (1024K)]
  0x0000026869f6e7a0 JavaThread "Timer-0"                           [_thread_blocked, id=20512, stack(0x000000fbd9f00000,0x000000fbda000000) (1024K)]
  0x0000026869f6ee30 JavaThread "Timer-1"                           [_thread_blocked, id=3628, stack(0x000000fbda000000,0x000000fbda100000) (1024K)]
  0x0000026869f6cd60 JavaThread "Timer-3"                           [_thread_blocked, id=7560, stack(0x000000fbda100000,0x000000fbda200000) (1024K)]
  0x0000026869f6f4c0 JavaThread "Timer-2"                           [_thread_blocked, id=9776, stack(0x000000fbda200000,0x000000fbda300000) (1024K)]
  0x0000026869f6fb50 JavaThread "WorkspaceEventsHandler"            [_thread_blocked, id=13252, stack(0x000000fbda300000,0x000000fbda400000) (1024K)]
  0x0000026869f6d3f0 JavaThread "pool-1-thread-1"                   [_thread_blocked, id=3796, stack(0x000000fbda400000,0x000000fbda500000) (1024K)]
  0x0000026868b337f0 JavaThread "Timer-4"                           [_thread_blocked, id=21480, stack(0x000000fbd8c00000,0x000000fbd8d00000) (1024K)]
  0x0000026868b34510 JavaThread "Timer-6"                           [_thread_blocked, id=15788, stack(0x000000fbd6600000,0x000000fbd6700000) (1024K)]
  0x0000026868b34ba0 JavaThread "Timer-5"                           [_thread_blocked, id=4384, stack(0x000000fbd6700000,0x000000fbd6800000) (1024K)]
  0x0000026868b358c0 JavaThread "Timer-7"                           [_thread_blocked, id=20448, stack(0x000000fbd8900000,0x000000fbd8a00000) (1024K)]
  0x0000026868b32440 JavaThread "Timer-8"                           [_thread_blocked, id=10340, stack(0x000000fbda500000,0x000000fbda600000) (1024K)]
  0x0000026868b35f50 JavaThread "Timer-9"                           [_thread_blocked, id=10560, stack(0x000000fbda700000,0x000000fbda800000) (1024K)]
  0x0000026868b32ad0 JavaThread "Timer-10"                          [_thread_blocked, id=6452, stack(0x000000fbda800000,0x000000fbda900000) (1024K)]
  0x0000026868b38d40 JavaThread "Timer-11"                          [_thread_blocked, id=18424, stack(0x000000fbd8700000,0x000000fbd8800000) (1024K)]
  0x0000026868b393d0 JavaThread "Timer-12"                          [_thread_blocked, id=3352, stack(0x000000fbd8800000,0x000000fbd8900000) (1024K)]
  0x0000026868b365e0 JavaThread "Timer-13"                          [_thread_blocked, id=5344, stack(0x000000fbd8d00000,0x000000fbd8e00000) (1024K)]
  0x0000026868b37990 JavaThread "Timer-14"                          [_thread_blocked, id=16744, stack(0x000000fbd8e00000,0x000000fbd8f00000) (1024K)]
  0x0000026868b36c70 JavaThread "Timer-15"                          [_thread_blocked, id=6512, stack(0x000000fbda600000,0x000000fbda700000) (1024K)]
  0x0000026866a7cb00 JavaThread "Timer-16"                          [_thread_blocked, id=14288, stack(0x000000fbd9100000,0x000000fbd9200000) (1024K)]
  0x0000026866a7b750 JavaThread "Timer-17"                          [_thread_blocked, id=7960, stack(0x000000fbda900000,0x000000fbdaa00000) (1024K)]
  0x0000026866a7d820 JavaThread "Worker-10"                         [_thread_blocked, id=20920, stack(0x000000fbdb100000,0x000000fbdb200000) (1024K)]
  0x0000026869f6e110 JavaThread "Timer-18"                          [_thread_blocked, id=20776, stack(0x000000fbdaa00000,0x000000fbdab00000) (1024K)]
  0x0000026868b37300 JavaThread "Timer-19"                          [_thread_blocked, id=19808, stack(0x000000fbdab00000,0x000000fbdac00000) (1024K)]
  0x0000026873dcfc10 JavaThread "Timer-20"                          [_thread_blocked, id=4660, stack(0x000000fbdad00000,0x000000fbdae00000) (1024K)]
  0x0000026873dd02a0 JavaThread "Timer-21"                          [_thread_blocked, id=21272, stack(0x000000fbdae00000,0x000000fbdaf00000) (1024K)]
  0x0000026873dd0fc0 JavaThread "Worker-11"                         [_thread_blocked, id=17476, stack(0x000000fbd8500000,0x000000fbd8600000) (1024K)]
Total: 56

Other Threads:
  0x000002684960e880 VMThread "VM Thread"                           [id=4364, stack(0x000000fbd6b00000,0x000000fbd6c00000) (1024K)]
  0x00000268493fca00 WatcherThread "VM Periodic Task Thread"        [id=12004, stack(0x000000fbd6a00000,0x000000fbd6b00000) (1024K)]
  0x000002684958c5d0 WorkerThread "GC Thread#0"                     [id=20656, stack(0x000000fbd6900000,0x000000fbd6a00000) (1024K)]
  0x00000268661ccbe0 WorkerThread "GC Thread#1"                     [id=4200, stack(0x000000fbd7700000,0x000000fbd7800000) (1024K)]
  0x00000268665cb280 WorkerThread "GC Thread#2"                     [id=16248, stack(0x000000fbd7800000,0x000000fbd7900000) (1024K)]
  0x00000268665cb620 WorkerThread "GC Thread#3"                     [id=9976, stack(0x000000fbd7900000,0x000000fbd7a00000) (1024K)]
  0x00000268665cb9c0 WorkerThread "GC Thread#4"                     [id=15204, stack(0x000000fbd7a00000,0x000000fbd7b00000) (1024K)]
  0x00000268665cbd60 WorkerThread "GC Thread#5"                     [id=17872, stack(0x000000fbd7b00000,0x000000fbd7c00000) (1024K)]
  0x00000268665ca400 WorkerThread "GC Thread#6"                     [id=10364, stack(0x000000fbd7c00000,0x000000fbd7d00000) (1024K)]
  0x00000268665cab40 WorkerThread "GC Thread#7"                     [id=13136, stack(0x000000fbd7e00000,0x000000fbd7f00000) (1024K)]
Total: 10

Threads with active compile tasks:
C2 CompilerThread0  282173498 10731       4       java.util.concurrent.ScheduledThreadPoolExecutor::canRunInCurrentRunState (61 bytes)
Total: 1

VM state: not at safepoint (normal execution)

VM Mutex/Monitor currently owned by a thread:  ([mutex/lock_event])
[0x00007ffeace8c0f0] CompileStatistics_lock - owner thread: 0x00000268494ec980

Heap address: 0x0000000080000000, size: 2048 MB, Compressed Oops mode: 32-bit

CDS archive(s) mapped at: [0x0000026800000000-0x0000026800ba0000-0x0000026800ba0000), size 12189696, SharedBaseAddress: 0x0000026800000000, ArchiveRelocationMode: 1.
Compressed class space mapped at: 0x0000026801000000-0x0000026841000000, reserved size: 1073741824
Narrow klass base: 0x0000026800000000, Narrow klass shift: 0, Narrow klass range: 0x100000000

GC Precious Log:
 CardTable entry size: 512
 CPUs: 8 total, 8 available
 Memory: 8070M
 Large Page Support: Disabled
 NUMA Support: Disabled
 Compressed Oops: Enabled (32-bit)
 Alignments: Space 512K, Generation 512K, Heap 2M
 Heap Min Capacity: 100M
 Heap Initial Capacity: 100M
 Heap Max Capacity: 2G
 Pre-touch: Disabled
 Parallel Workers: 8

Heap:
 PSYoungGen      total 3584K, used 604K [0x00000000d5580000, 0x00000000d5a80000, 0x0000000100000000)
  eden space 3072K, 11% used [0x00000000d5580000,0x00000000d55d72b8,0x00000000d5880000)
  from space 512K, 50% used [0x00000000d5880000,0x00000000d58c0000,0x00000000d5900000)
  to   space 512K, 0% used [0x00000000d5a00000,0x00000000d5a00000,0x00000000d5a80000)
 ParOldGen       total 425984K, used 238678K [0x0000000080000000, 0x000000009a000000, 0x00000000d5580000)
  object space 425984K, 56% used [0x0000000080000000,0x000000008e915bf8,0x000000009a000000)
 Metaspace       used 78295K, committed 79936K, reserved 1179648K
  class space    used 10048K, committed 10816K, reserved 1048576K

Card table byte_map: [0x0000026848f10000,0x0000026849320000] _byte_map_base: 0x0000026848b10000

Marking Bits: (ParMarkBitMap*) 0x00007ffeace92460
 Begin Bits: [0x000002685ba20000, 0x000002685da20000)
 End Bits:   [0x000002685da20000, 0x000002685fa20000)

Polling page: 0x00000268473e0000

Metaspace:

Usage:
  Non-class:     66.65 MB used.
      Class:      9.81 MB used.
       Both:     76.46 MB used.

Virtual space:
  Non-class space:      128.00 MB reserved,      67.50 MB ( 53%) committed,  2 nodes.
      Class space:        1.00 GB reserved,      10.56 MB (  1%) committed,  1 nodes.
             Both:        1.12 GB reserved,      78.06 MB (  7%) committed. 

Chunk freelists:
   Non-Class:  11.97 MB
       Class:  5.43 MB
        Both:  17.40 MB

MaxMetaspaceSize: unlimited
CompressedClassSpaceSize: 1.00 GB
Initial GC threshold: 21.00 MB
Current GC threshold: 97.31 MB
CDS: on
 - commit_granule_bytes: 65536.
 - commit_granule_words: 8192.
 - virtual_space_node_default_size: 8388608.
 - enlarge_chunks_in_place: 1.
 - use_allocation_guard: 0.


Internal statistics:

num_allocs_failed_limit: 9.
num_arena_births: 1646.
num_arena_deaths: 38.
num_vsnodes_births: 3.
num_vsnodes_deaths: 0.
num_space_committed: 1249.
num_space_uncommitted: 0.
num_chunks_returned_to_freelist: 59.
num_chunks_taken_from_freelist: 5270.
num_chunk_merges: 14.
num_chunk_splits: 3314.
num_chunks_enlarged: 1995.
num_inconsistent_stats: 0.

CodeHeap 'non-profiled nmethods': size=120000Kb used=9633Kb max_used=9633Kb free=110366Kb
 bounds [0x0000026854240000, 0x0000026854bb0000, 0x000002685b770000]
CodeHeap 'profiled nmethods': size=120000Kb used=20803Kb max_used=20803Kb free=99196Kb
 bounds [0x000002684c770000, 0x000002684dbd0000, 0x0000026853ca0000]
CodeHeap 'non-nmethods': size=5760Kb used=1427Kb max_used=1500Kb free=4332Kb
 bounds [0x0000026853ca0000, 0x0000026853f10000, 0x0000026854240000]
CodeCache: size=245760Kb, used=31863Kb, max_used=31936Kb, free=213894Kb
 total_blobs=10727, nmethods=9990, adapters=643, full_count=0
Compilation: enabled, stopped_count=0, restarted_count=0

Compilation events (20 events):
Event: 89203.043 Thread 0x00000268617eb750 10722       3       org.eclipse.core.runtime.jobs.Job::setThread (6 bytes)
Event: 89203.047 Thread 0x00000268617eb750 nmethod 10722 0x000002684dbbbd90 code [0x000002684dbbbf20, 0x000002684dbbc060]
Event: 89567.520 Thread 0x00000268617eb750 10723   !   3       java.util.logging.LogManager::getUserContext (118 bytes)
Event: 89567.545 Thread 0x00000268617eb750 nmethod 10723 0x000002684dbbc110 code [0x000002684dbbc2c0, 0x000002684dbbc530]
Event: 89567.546 Thread 0x00000268617eb750 10724       3       jdk.internal.access.SharedSecrets::getJavaAWTAccess (4 bytes)
Event: 89567.547 Thread 0x00000268617eb750 nmethod 10724 0x000002684dbbc690 code [0x000002684dbbc820, 0x000002684dbbc918]
Event: 94408.895 Thread 0x00000268617eb750 10725   !   3       org.eclipse.core.internal.jobs.JobManager::monitorFor (89 bytes)
Event: 94408.942 Thread 0x00000268617eb750 nmethod 10725 0x000002684dbbc990 code [0x000002684dbbcc60, 0x000002684dbbd9c8]
Event: 105386.898 Thread 0x00000268617eb750 10726       3       org.eclipse.core.internal.jobs.JobManager::endRule (10 bytes)
Event: 105386.905 Thread 0x00000268617eb750 nmethod 10726 0x000002684dbbe010 code [0x000002684dbbe1c0, 0x000002684dbbe320]
Event: 105386.906 Thread 0x00000268617eb750 10727  s    3       org.eclipse.core.internal.jobs.ImplicitJobs::end (79 bytes)
Event: 105386.932 Thread 0x00000268617eb750 nmethod 10727 0x000002684dbbe410 code [0x000002684dbbe7e0, 0x000002684dbbffe0]
Event: 105386.933 Thread 0x00000268617eb750 10728       1       org.eclipse.core.internal.jobs.InternalJob::setResult (6 bytes)
Event: 105386.933 Thread 0x00000268617eb750 nmethod 10728 0x0000026854ba7b90 code [0x0000026854ba7d20, 0x0000026854ba7e08]
Event: 282000.929 Thread 0x00000268494ec980 10729 %     4       java.util.Arrays::fill @ 5 (21 bytes)
Event: 282000.931 Thread 0x00000268617eb750 10730       3       org.eclipse.core.internal.jobs.JobManager::beginRule (20 bytes)
Event: 282001.050 Thread 0x00000268617eb750 nmethod 10730 0x000002684dbc0790 code [0x000002684dbc0960, 0x000002684dbc0b70]
Event: 282001.504 Thread 0x00000268494ec980 nmethod 10729% 0x0000026854ba7e90 code [0x0000026854ba8020, 0x0000026854ba81f0]
Event: 282173.035 Thread 0x00000268494ec980 10731       4       java.util.concurrent.ScheduledThreadPoolExecutor::canRunInCurrentRunState (61 bytes)
Event: 282173.132 Thread 0x00000268494ec980 nmethod 10731 0x0000026854ba8310 code [0x0000026854ba84a0, 0x0000026854ba8568]

GC Heap History (20 events):
Event: 235.633 GC heap before
{Heap before GC invocations=1351 (full 3):
 PSYoungGen      total 3584K, used 3168K [0x00000000d5580000, 0x00000000d5a80000, 0x0000000100000000)
  eden space 3072K, 100% used [0x00000000d5580000,0x00000000d5880000,0x00000000d5880000)
  from space 512K, 18% used [0x00000000d5880000,0x00000000d5898000,0x00000000d5900000)
  to   space 512K, 0% used [0x00000000d5a00000,0x00000000d5a00000,0x00000000d5a80000)
 ParOldGen       total 425984K, used 238022K [0x0000000080000000, 0x000000009a000000, 0x00000000d5580000)
  object space 425984K, 55% used [0x0000000080000000,0x000000008e871a40,0x000000009a000000)
 Metaspace       used 77216K, committed 78912K, reserved 1179648K
  class space    used 9918K, committed 10688K, reserved 1048576K
}
Event: 235.634 GC heap after
{Heap after GC invocations=1351 (full 3):
 PSYoungGen      total 3584K, used 160K [0x00000000d5580000, 0x00000000d5a80000, 0x0000000100000000)
  eden space 3072K, 0% used [0x00000000d5580000,0x00000000d5580000,0x00000000d5880000)
  from space 512K, 31% used [0x00000000d5a00000,0x00000000d5a28000,0x00000000d5a80000)
  to   space 512K, 0% used [0x00000000d5880000,0x00000000d5880000,0x00000000d5900000)
 ParOldGen       total 425984K, used 238022K [0x0000000080000000, 0x000000009a000000, 0x00000000d5580000)
  object space 425984K, 55% used [0x0000000080000000,0x000000008e871a40,0x000000009a000000)
 Metaspace       used 77216K, committed 78912K, reserved 1179648K
  class space    used 9918K, committed 10688K, reserved 1048576K
}
Event: 235.663 GC heap before
{Heap before GC invocations=1352 (full 3):
 PSYoungGen      total 3584K, used 3232K [0x00000000d5580000, 0x00000000d5a80000, 0x0000000100000000)
  eden space 3072K, 100% used [0x00000000d5580000,0x00000000d5880000,0x00000000d5880000)
  from space 512K, 31% used [0x00000000d5a00000,0x00000000d5a28000,0x00000000d5a80000)
  to   space 512K, 0% used [0x00000000d5880000,0x00000000d5880000,0x00000000d5900000)
 ParOldGen       total 425984K, used 238022K [0x0000000080000000, 0x000000009a000000, 0x00000000d5580000)
  object space 425984K, 55% used [0x0000000080000000,0x000000008e871a40,0x000000009a000000)
 Metaspace       used 77216K, committed 78912K, reserved 1179648K
  class space    used 9918K, committed 10688K, reserved 1048576K
}
Event: 235.664 GC heap after
{Heap after GC invocations=1352 (full 3):
 PSYoungGen      total 3584K, used 128K [0x00000000d5580000, 0x00000000d5a80000, 0x0000000100000000)
  eden space 3072K, 0% used [0x00000000d5580000,0x00000000d5580000,0x00000000d5880000)
  from space 512K, 25% used [0x00000000d5880000,0x00000000d58a0000,0x00000000d5900000)
  to   space 512K, 0% used [0x00000000d5a00000,0x00000000d5a00000,0x00000000d5a80000)
 ParOldGen       total 425984K, used 238030K [0x0000000080000000, 0x000000009a000000, 0x00000000d5580000)
  object space 425984K, 55% used [0x0000000080000000,0x000000008e873a40,0x000000009a000000)
 Metaspace       used 77216K, committed 78912K, reserved 1179648K
  class space    used 9918K, committed 10688K, reserved 1048576K
}
Event: 235.718 GC heap before
{Heap before GC invocations=1353 (full 3):
 PSYoungGen      total 3584K, used 3200K [0x00000000d5580000, 0x00000000d5a80000, 0x0000000100000000)
  eden space 3072K, 100% used [0x00000000d5580000,0x00000000d5880000,0x00000000d5880000)
  from space 512K, 25% used [0x00000000d5880000,0x00000000d58a0000,0x00000000d5900000)
  to   space 512K, 0% used [0x00000000d5a00000,0x00000000d5a00000,0x00000000d5a80000)
 ParOldGen       total 425984K, used 238030K [0x0000000080000000, 0x000000009a000000, 0x00000000d5580000)
  object space 425984K, 55% used [0x0000000080000000,0x000000008e873a40,0x000000009a000000)
 Metaspace       used 77216K, committed 78912K, reserved 1179648K
  class space    used 9918K, committed 10688K, reserved 1048576K
}
Event: 235.720 GC heap after
{Heap after GC invocations=1353 (full 3):
 PSYoungGen      total 3584K, used 128K [0x00000000d5580000, 0x00000000d5a80000, 0x0000000100000000)
  eden space 3072K, 0% used [0x00000000d5580000,0x00000000d5580000,0x00000000d5880000)
  from space 512K, 25% used [0x00000000d5a00000,0x00000000d5a20000,0x00000000d5a80000)
  to   space 512K, 0% used [0x00000000d5880000,0x00000000d5880000,0x00000000d5900000)
 ParOldGen       total 425984K, used 238038K [0x0000000080000000, 0x000000009a000000, 0x00000000d5580000)
  object space 425984K, 55% used [0x0000000080000000,0x000000008e875a40,0x000000009a000000)
 Metaspace       used 77216K, committed 78912K, reserved 1179648K
  class space    used 9918K, committed 10688K, reserved 1048576K
}
Event: 235.893 GC heap before
{Heap before GC invocations=1354 (full 3):
 PSYoungGen      total 3584K, used 3200K [0x00000000d5580000, 0x00000000d5a80000, 0x0000000100000000)
  eden space 3072K, 100% used [0x00000000d5580000,0x00000000d5880000,0x00000000d5880000)
  from space 512K, 25% used [0x00000000d5a00000,0x00000000d5a20000,0x00000000d5a80000)
  to   space 512K, 0% used [0x00000000d5880000,0x00000000d5880000,0x00000000d5900000)
 ParOldGen       total 425984K, used 238038K [0x0000000080000000, 0x000000009a000000, 0x00000000d5580000)
  object space 425984K, 55% used [0x0000000080000000,0x000000008e875a40,0x000000009a000000)
 Metaspace       used 77224K, committed 78912K, reserved 1179648K
  class space    used 9918K, committed 10688K, reserved 1048576K
}
Event: 235.894 GC heap after
{Heap after GC invocations=1354 (full 3):
 PSYoungGen      total 3584K, used 240K [0x00000000d5580000, 0x00000000d5a80000, 0x0000000100000000)
  eden space 3072K, 0% used [0x00000000d5580000,0x00000000d5580000,0x00000000d5880000)
  from space 512K, 46% used [0x00000000d5880000,0x00000000d58bc010,0x00000000d5900000)
  to   space 512K, 0% used [0x00000000d5a00000,0x00000000d5a00000,0x00000000d5a80000)
 ParOldGen       total 425984K, used 238038K [0x0000000080000000, 0x000000009a000000, 0x00000000d5580000)
  object space 425984K, 55% used [0x0000000080000000,0x000000008e875a40,0x000000009a000000)
 Metaspace       used 77224K, committed 78912K, reserved 1179648K
  class space    used 9918K, committed 10688K, reserved 1048576K
}
Event: 235.929 GC heap before
{Heap before GC invocations=1355 (full 3):
 PSYoungGen      total 3584K, used 3312K [0x00000000d5580000, 0x00000000d5a80000, 0x0000000100000000)
  eden space 3072K, 100% used [0x00000000d5580000,0x00000000d5880000,0x00000000d5880000)
  from space 512K, 46% used [0x00000000d5880000,0x00000000d58bc010,0x00000000d5900000)
  to   space 512K, 0% used [0x00000000d5a00000,0x00000000d5a00000,0x00000000d5a80000)
 ParOldGen       total 425984K, used 238038K [0x0000000080000000, 0x000000009a000000, 0x00000000d5580000)
  object space 425984K, 55% used [0x0000000080000000,0x000000008e875a40,0x000000009a000000)
 Metaspace       used 77246K, committed 78912K, reserved 1179648K
  class space    used 9918K, committed 10688K, reserved 1048576K
}
Event: 235.931 GC heap after
{Heap after GC invocations=1355 (full 3):
 PSYoungGen      total 3584K, used 281K [0x00000000d5580000, 0x00000000d5a80000, 0x0000000100000000)
  eden space 3072K, 0% used [0x00000000d5580000,0x00000000d5580000,0x00000000d5880000)
  from space 512K, 54% used [0x00000000d5a00000,0x00000000d5a46610,0x00000000d5a80000)
  to   space 512K, 0% used [0x00000000d5880000,0x00000000d5880000,0x00000000d5900000)
 ParOldGen       total 425984K, used 238062K [0x0000000080000000, 0x000000009a000000, 0x00000000d5580000)
  object space 425984K, 55% used [0x0000000080000000,0x000000008e87ba40,0x000000009a000000)
 Metaspace       used 77246K, committed 78912K, reserved 1179648K
  class space    used 9918K, committed 10688K, reserved 1048576K
}
Event: 236.192 GC heap before
{Heap before GC invocations=1356 (full 3):
 PSYoungGen      total 3584K, used 3353K [0x00000000d5580000, 0x00000000d5a80000, 0x0000000100000000)
  eden space 3072K, 100% used [0x00000000d5580000,0x00000000d5880000,0x00000000d5880000)
  from space 512K, 54% used [0x00000000d5a00000,0x00000000d5a46610,0x00000000d5a80000)
  to   space 512K, 0% used [0x00000000d5880000,0x00000000d5880000,0x00000000d5900000)
 ParOldGen       total 425984K, used 238062K [0x0000000080000000, 0x000000009a000000, 0x00000000d5580000)
  object space 425984K, 55% used [0x0000000080000000,0x000000008e87ba40,0x000000009a000000)
 Metaspace       used 77273K, committed 78912K, reserved 1179648K
  class space    used 9918K, committed 10688K, reserved 1048576K
}
Event: 236.194 GC heap after
{Heap after GC invocations=1356 (full 3):
 PSYoungGen      total 3584K, used 288K [0x00000000d5580000, 0x00000000d5a80000, 0x0000000100000000)
  eden space 3072K, 0% used [0x00000000d5580000,0x00000000d5580000,0x00000000d5880000)
  from space 512K, 56% used [0x00000000d5880000,0x00000000d58c8000,0x00000000d5900000)
  to   space 512K, 0% used [0x00000000d5a00000,0x00000000d5a00000,0x00000000d5a80000)
 ParOldGen       total 425984K, used 238176K [0x0000000080000000, 0x000000009a000000, 0x00000000d5580000)
  object space 425984K, 55% used [0x0000000080000000,0x000000008e8980d0,0x000000009a000000)
 Metaspace       used 77273K, committed 78912K, reserved 1179648K
  class space    used 9918K, committed 10688K, reserved 1048576K
}
Event: 236.506 GC heap before
{Heap before GC invocations=1357 (full 3):
 PSYoungGen      total 3584K, used 3360K [0x00000000d5580000, 0x00000000d5a80000, 0x0000000100000000)
  eden space 3072K, 100% used [0x00000000d5580000,0x00000000d5880000,0x00000000d5880000)
  from space 512K, 56% used [0x00000000d5880000,0x00000000d58c8000,0x00000000d5900000)
  to   space 512K, 0% used [0x00000000d5a00000,0x00000000d5a00000,0x00000000d5a80000)
 ParOldGen       total 425984K, used 238176K [0x0000000080000000, 0x000000009a000000, 0x00000000d5580000)
  object space 425984K, 55% used [0x0000000080000000,0x000000008e8980d0,0x000000009a000000)
 Metaspace       used 77283K, committed 78912K, reserved 1179648K
  class space    used 9918K, committed 10688K, reserved 1048576K
}
Event: 236.509 GC heap after
{Heap after GC invocations=1357 (full 3):
 PSYoungGen      total 3584K, used 288K [0x00000000d5580000, 0x00000000d5a80000, 0x0000000100000000)
  eden space 3072K, 0% used [0x00000000d5580000,0x00000000d5580000,0x00000000d5880000)
  from space 512K, 56% used [0x00000000d5a00000,0x00000000d5a48000,0x00000000d5a80000)
  to   space 512K, 0% used [0x00000000d5880000,0x00000000d5880000,0x00000000d5900000)
 ParOldGen       total 425984K, used 238208K [0x0000000080000000, 0x000000009a000000, 0x00000000d5580000)
  object space 425984K, 55% used [0x0000000080000000,0x000000008e8a00d0,0x000000009a000000)
 Metaspace       used 77283K, committed 78912K, reserved 1179648K
  class space    used 9918K, committed 10688K, reserved 1048576K
}
Event: 237.966 GC heap before
{Heap before GC invocations=1358 (full 3):
 PSYoungGen      total 3584K, used 3359K [0x00000000d5580000, 0x00000000d5a80000, 0x0000000100000000)
  eden space 3072K, 99% used [0x00000000d5580000,0x00000000d587ffd8,0x00000000d5880000)
  from space 512K, 56% used [0x00000000d5a00000,0x00000000d5a48000,0x00000000d5a80000)
  to   space 512K, 0% used [0x00000000d5880000,0x00000000d5880000,0x00000000d5900000)
 ParOldGen       total 425984K, used 238208K [0x0000000080000000, 0x000000009a000000, 0x00000000d5580000)
  object space 425984K, 55% used [0x0000000080000000,0x000000008e8a00d0,0x000000009a000000)
 Metaspace       used 77449K, committed 79104K, reserved 1179648K
  class space    used 9936K, committed 10688K, reserved 1048576K
}
Event: 237.967 GC heap after
{Heap after GC invocations=1358 (full 3):
 PSYoungGen      total 3584K, used 416K [0x00000000d5580000, 0x00000000d5a80000, 0x0000000100000000)
  eden space 3072K, 0% used [0x00000000d5580000,0x00000000d5580000,0x00000000d5880000)
  from space 512K, 81% used [0x00000000d5880000,0x00000000d58e8040,0x00000000d5900000)
  to   space 512K, 0% used [0x00000000d5a00000,0x00000000d5a00000,0x00000000d5a80000)
 ParOldGen       total 425984K, used 238271K [0x0000000080000000, 0x000000009a000000, 0x00000000d5580000)
  object space 425984K, 55% used [0x0000000080000000,0x000000008e8affa8,0x000000009a000000)
 Metaspace       used 77449K, committed 79104K, reserved 1179648K
  class space    used 9936K, committed 10688K, reserved 1048576K
}
Event: 239.606 GC heap before
{Heap before GC invocations=1359 (full 3):
 PSYoungGen      total 3584K, used 3488K [0x00000000d5580000, 0x00000000d5a80000, 0x0000000100000000)
  eden space 3072K, 100% used [0x00000000d5580000,0x00000000d5880000,0x00000000d5880000)
  from space 512K, 81% used [0x00000000d5880000,0x00000000d58e8040,0x00000000d5900000)
  to   space 512K, 0% used [0x00000000d5a00000,0x00000000d5a00000,0x00000000d5a80000)
 ParOldGen       total 425984K, used 238271K [0x0000000080000000, 0x000000009a000000, 0x00000000d5580000)
  object space 425984K, 55% used [0x0000000080000000,0x000000008e8affa8,0x000000009a000000)
 Metaspace       used 77872K, committed 79552K, reserved 1179648K
  class space    used 9987K, committed 10752K, reserved 1048576K
}
Event: 239.673 GC heap after
{Heap after GC invocations=1359 (full 3):
 PSYoungGen      total 3584K, used 288K [0x00000000d5580000, 0x00000000d5a80000, 0x0000000100000000)
  eden space 3072K, 0% used [0x00000000d5580000,0x00000000d5580000,0x00000000d5880000)
  from space 512K, 56% used [0x00000000d5a00000,0x00000000d5a48000,0x00000000d5a80000)
  to   space 512K, 0% used [0x00000000d5880000,0x00000000d5880000,0x00000000d5900000)
 ParOldGen       total 425984K, used 238496K [0x0000000080000000, 0x000000009a000000, 0x00000000d5580000)
  object space 425984K, 55% used [0x0000000080000000,0x000000008e8e8008,0x000000009a000000)
 Metaspace       used 77872K, committed 79552K, reserved 1179648K
  class space    used 9987K, committed 10752K, reserved 1048576K
}
Event: 346.292 GC heap before
{Heap before GC invocations=1360 (full 3):
 PSYoungGen      total 3584K, used 3360K [0x00000000d5580000, 0x00000000d5a80000, 0x0000000100000000)
  eden space 3072K, 100% used [0x00000000d5580000,0x00000000d5880000,0x00000000d5880000)
  from space 512K, 56% used [0x00000000d5a00000,0x00000000d5a48000,0x00000000d5a80000)
  to   space 512K, 0% used [0x00000000d5880000,0x00000000d5880000,0x00000000d5900000)
 ParOldGen       total 425984K, used 238496K [0x0000000080000000, 0x000000009a000000, 0x00000000d5580000)
  object space 425984K, 55% used [0x0000000080000000,0x000000008e8e8008,0x000000009a000000)
 Metaspace       used 78256K, committed 79872K, reserved 1179648K
  class space    used 10048K, committed 10816K, reserved 1048576K
}
Event: 346.294 GC heap after
{Heap after GC invocations=1360 (full 3):
 PSYoungGen      total 3584K, used 256K [0x00000000d5580000, 0x00000000d5a80000, 0x0000000100000000)
  eden space 3072K, 0% used [0x00000000d5580000,0x00000000d5580000,0x00000000d5880000)
  from space 512K, 50% used [0x00000000d5880000,0x00000000d58c0000,0x00000000d5900000)
  to   space 512K, 0% used [0x00000000d5a00000,0x00000000d5a00000,0x00000000d5a80000)
 ParOldGen       total 425984K, used 238678K [0x0000000080000000, 0x000000009a000000, 0x00000000d5580000)
  object space 425984K, 56% used [0x0000000080000000,0x000000008e915bf8,0x000000009a000000)
 Metaspace       used 78256K, committed 79872K, reserved 1179648K
  class space    used 10048K, committed 10816K, reserved 1048576K
}

Dll operation events (16 events):
Event: 0.040 Loaded shared library c:\Users\DELL\.vscode\extensions\redhat.java-1.50.0-win32-x64\jre\21.0.9-win32-x86_64\bin\java.dll
Event: 0.455 Loaded shared library c:\Users\DELL\.vscode\extensions\redhat.java-1.50.0-win32-x64\jre\21.0.9-win32-x86_64\bin\zip.dll
Event: 0.744 Loaded shared library C:\Users\DELL\.vscode\extensions\redhat.java-1.50.0-win32-x64\jre\21.0.9-win32-x86_64\bin\instrument.dll
Event: 0.773 Loaded shared library C:\Users\DELL\.vscode\extensions\redhat.java-1.50.0-win32-x64\jre\21.0.9-win32-x86_64\bin\net.dll
Event: 0.781 Loaded shared library C:\Users\DELL\.vscode\extensions\redhat.java-1.50.0-win32-x64\jre\21.0.9-win32-x86_64\bin\nio.dll
Event: 0.789 Loaded shared library C:\Users\DELL\.vscode\extensions\redhat.java-1.50.0-win32-x64\jre\21.0.9-win32-x86_64\bin\zip.dll
Event: 0.868 Loaded shared library C:\Users\DELL\.vscode\extensions\redhat.java-1.50.0-win32-x64\jre\21.0.9-win32-x86_64\bin\jimage.dll
Event: 1.143 Loaded shared library c:\Users\DELL\.vscode\extensions\redhat.java-1.50.0-win32-x64\jre\21.0.9-win32-x86_64\bin\verify.dll
Event: 21.091 Loaded shared library C:\Users\DELL\AppData\Roaming\Code\User\globalStorage\redhat.java\1.50.0\config_win\org.eclipse.equinox.launcher\org.eclipse.equinox.launcher.win32.win32.x86_64_1.2.1400.v20250801-0854\eclipse_11916.dll
Event: 44.491 Loaded shared library H:\flutter_temp\jna-2094529\jna8003113836605912327.dll
Event: 87.502 Loaded shared library C:\Users\DELL\.gradle\native\1def1411415f61bf3af743bc5b6707747c0891f09f0c88961ee8f79bc544acac\windows-amd64\native-platform.dll
Event: 110.646 Loaded shared library C:\Users\DELL\.vscode\extensions\redhat.java-1.50.0-win32-x64\jre\21.0.9-win32-x86_64\bin\management.dll
Event: 110.658 Loaded shared library C:\Users\DELL\.vscode\extensions\redhat.java-1.50.0-win32-x64\jre\21.0.9-win32-x86_64\bin\management_ext.dll
Event: 115.298 Loaded shared library C:\Users\DELL\.vscode\extensions\redhat.java-1.50.0-win32-x64\jre\21.0.9-win32-x86_64\bin\extnet.dll
Event: 122.218 Loaded shared library C:\Users\DELL\.vscode\extensions\redhat.java-1.50.0-win32-x64\jre\21.0.9-win32-x86_64\bin\sunmscapi.dll
Event: 190.137 Loaded shared library C:\Users\DELL\.gradle\native\c067742578af261105cb4f569cf0c3c89f3d7b1fecec35dd04571415982c5e48\windows-amd64\native-platform.dll

Deoptimization events (20 events):
Event: 2377.771 Thread 0x0000026869f6f4c0 DEOPT PACKING pc=0x000002684dba912b sp=0x000000fbda2ff420
Event: 2377.771 Thread 0x0000026869f6f4c0 DEOPT UNPACKING pc=0x0000026853cf4242 sp=0x000000fbda2fe908 mode 0
Event: 2548.163 Thread 0x0000026869f6e7a0 DEOPT PACKING pc=0x000002684dba912b sp=0x000000fbd9fff160
Event: 2548.163 Thread 0x0000026869f6e7a0 DEOPT UNPACKING pc=0x0000026853cf4242 sp=0x000000fbd9ffe648 mode 0
Event: 2989.662 Thread 0x0000026868b358c0 DEOPT PACKING pc=0x000002684dba912b sp=0x000000fbd89ff500
Event: 2989.662 Thread 0x0000026868b358c0 DEOPT UNPACKING pc=0x0000026853cf4242 sp=0x000000fbd89fe9e8 mode 0
Event: 3250.876 Thread 0x0000026868b38d40 DEOPT PACKING pc=0x000002684dba912b sp=0x000000fbd87ff600
Event: 3250.876 Thread 0x0000026868b38d40 DEOPT UNPACKING pc=0x0000026853cf4242 sp=0x000000fbd87feae8 mode 0
Event: 3544.210 Thread 0x0000026873dcfc10 DEOPT PACKING pc=0x000002684dba912b sp=0x000000fbdadfef70
Event: 3544.210 Thread 0x0000026873dcfc10 DEOPT UNPACKING pc=0x0000026853cf4242 sp=0x000000fbdadfe458 mode 0
Event: 3873.365 Thread 0x0000026868b35f50 DEOPT PACKING pc=0x000002684dba912b sp=0x000000fbda7fef70
Event: 3873.365 Thread 0x0000026868b35f50 DEOPT UNPACKING pc=0x0000026853cf4242 sp=0x000000fbda7fe458 mode 0
Event: 4295.709 Thread 0x0000026868b34510 DEOPT PACKING pc=0x000002684dba912b sp=0x000000fbd66ff5c0
Event: 4295.711 Thread 0x0000026868b34510 DEOPT UNPACKING pc=0x0000026853cf4242 sp=0x000000fbd66feaa8 mode 0
Event: 15271.070 Thread 0x0000026868b393d0 DEOPT PACKING pc=0x000002684dba912b sp=0x000000fbd88ff0a0
Event: 15271.106 Thread 0x0000026868b393d0 DEOPT UNPACKING pc=0x0000026853cf4242 sp=0x000000fbd88fe588 mode 0
Event: 15271.106 Thread 0x0000026866a7cb00 DEOPT PACKING pc=0x000002684dba912b sp=0x000000fbd91ff370
Event: 15271.106 Thread 0x0000026869f6e110 DEOPT PACKING pc=0x000002684dba912b sp=0x000000fbdaaff1d0
Event: 15271.124 Thread 0x0000026866a7cb00 DEOPT UNPACKING pc=0x0000026853cf4242 sp=0x000000fbd91fe858 mode 0
Event: 15271.158 Thread 0x0000026869f6e110 DEOPT UNPACKING pc=0x0000026853cf4242 sp=0x000000fbdaafe6b8 mode 0

Classes loaded (20 events):
Event: 238.838 Loading class java/util/stream/ReduceOps$CountingSink$OfRef
Event: 238.838 Loading class java/util/stream/ReduceOps$CountingSink
Event: 238.838 Loading class java/util/stream/ReduceOps$CountingSink done
Event: 238.838 Loading class java/util/stream/ReduceOps$CountingSink$OfRef done
Event: 238.856 Loading class java/util/stream/ReduceOps$1
Event: 238.908 Loading class java/util/stream/ReduceOps$1 done
Event: 238.908 Loading class java/util/stream/ReduceOps$1ReducingSink
Event: 238.908 Loading class java/util/stream/ReduceOps$1ReducingSink done
Event: 239.473 Loading class java/io/SequenceInputStream
Event: 239.487 Loading class java/io/SequenceInputStream done
Event: 346.217 Loading class java/util/stream/Nodes$CollectorTask$OfRef
Event: 346.218 Loading class java/util/stream/Nodes$CollectorTask
Event: 346.223 Loading class java/util/stream/Nodes$CollectorTask done
Event: 346.223 Loading class java/util/stream/Nodes$CollectorTask$OfRef done
Event: 346.224 Loading class java/util/function/LongFunction
Event: 346.226 Loading class java/util/function/LongFunction done
Event: 346.227 Loading class java/util/stream/Nodes$ConcNode
Event: 346.229 Loading class java/util/stream/Nodes$AbstractConcNode
Event: 346.231 Loading class java/util/stream/Nodes$AbstractConcNode done
Event: 346.231 Loading class java/util/stream/Nodes$ConcNode done

Classes unloaded (19 events):
Event: 45.811 Thread 0x000002684960e880 Unloading class 0x00000268011a3800 'java/lang/invoke/LambdaForm$MH+0x00000268011a3800'
Event: 45.811 Thread 0x000002684960e880 Unloading class 0x00000268011a3400 'java/lang/invoke/LambdaForm$MH+0x00000268011a3400'
Event: 45.811 Thread 0x000002684960e880 Unloading class 0x00000268011a3000 'java/lang/invoke/LambdaForm$MH+0x00000268011a3000'
Event: 45.811 Thread 0x000002684960e880 Unloading class 0x00000268011a2c00 'java/lang/invoke/LambdaForm$MH+0x00000268011a2c00'
Event: 45.811 Thread 0x000002684960e880 Unloading class 0x00000268011a2800 'java/lang/invoke/LambdaForm$BMH+0x00000268011a2800'
Event: 45.811 Thread 0x000002684960e880 Unloading class 0x00000268011a2400 'java/lang/invoke/LambdaForm$DMH+0x00000268011a2400'
Event: 45.811 Thread 0x000002684960e880 Unloading class 0x00000268011a1000 'java/lang/invoke/LambdaForm$DMH+0x00000268011a1000'
Event: 48.172 Thread 0x000002684960e880 Unloading class 0x000002680130fc00 'java/lang/invoke/LambdaForm$MH+0x000002680130fc00'
Event: 48.172 Thread 0x000002684960e880 Unloading class 0x000002680130f000 'java/lang/invoke/LambdaForm$MH+0x000002680130f000'
Event: 48.172 Thread 0x000002684960e880 Unloading class 0x0000026801309800 'java/lang/invoke/LambdaForm$MH+0x0000026801309800'
Event: 48.172 Thread 0x000002684960e880 Unloading class 0x0000026801309000 'java/lang/invoke/LambdaForm$MH+0x0000026801309000'
Event: 48.172 Thread 0x000002684960e880 Unloading class 0x0000026801308800 'java/lang/invoke/LambdaForm$MH+0x0000026801308800'
Event: 48.172 Thread 0x000002684960e880 Unloading class 0x0000026801308400 'java/lang/invoke/LambdaForm$MH+0x0000026801308400'
Event: 48.172 Thread 0x000002684960e880 Unloading class 0x0000026801303800 'java/lang/invoke/LambdaForm$MH+0x0000026801303800'
Event: 48.172 Thread 0x000002684960e880 Unloading class 0x0000026801303000 'java/lang/invoke/LambdaForm$MH+0x0000026801303000'
Event: 48.172 Thread 0x000002684960e880 Unloading class 0x0000026801302800 'java/lang/invoke/LambdaForm$MH+0x0000026801302800'
Event: 48.172 Thread 0x000002684960e880 Unloading class 0x0000026801302400 'java/lang/invoke/LambdaForm$MH+0x0000026801302400'
Event: 48.172 Thread 0x000002684960e880 Unloading class 0x0000026801301800 'java/lang/invoke/LambdaForm$DMH+0x0000026801301800'
Event: 111.403 Thread 0x000002684960e880 Unloading class 0x0000026801738400 'java/lang/invoke/LambdaForm$DMH+0x0000026801738400'

Classes redefined (0 events):
No events

Internal exceptions (20 events):
Event: 237.421 Thread 0x0000026866a7d820 Exception <a 'sun/nio/fs/WindowsException'{0x00000000d575c1f0}> (0x00000000d575c1f0) 
thrown [s\src\hotspot\share\prims\jni.cpp, line 520]
Event: 237.962 Thread 0x0000026873dd2a00 Exception <a 'sun/nio/fs/WindowsException'{0x00000000d57f5958}> (0x00000000d57f5958) 
thrown [s\src\hotspot\share\prims\jni.cpp, line 520]
Event: 237.962 Thread 0x0000026873dd2a00 Exception <a 'sun/nio/fs/WindowsException'{0x00000000d57f65a8}> (0x00000000d57f65a8) 
thrown [s\src\hotspot\share\prims\jni.cpp, line 520]
Event: 237.963 Thread 0x0000026873dd2a00 Exception <a 'sun/nio/fs/WindowsException'{0x00000000d57f8ff0}> (0x00000000d57f8ff0) 
thrown [s\src\hotspot\share\prims\jni.cpp, line 520]
Event: 237.963 Thread 0x0000026873dd2a00 Exception <a 'sun/nio/fs/WindowsException'{0x00000000d57f9c20}> (0x00000000d57f9c20) 
thrown [s\src\hotspot\share\prims\jni.cpp, line 520]
Event: 237.964 Thread 0x0000026873dd2a00 Exception <a 'sun/nio/fs/WindowsException'{0x00000000d580ea20}> (0x00000000d580ea20) 
thrown [s\src\hotspot\share\prims\jni.cpp, line 520]
Event: 237.964 Thread 0x0000026873dd2a00 Exception <a 'sun/nio/fs/WindowsException'{0x00000000d5817790}> (0x00000000d5817790) 
thrown [s\src\hotspot\share\prims\jni.cpp, line 520]
Event: 238.173 Thread 0x0000026866a7deb0 Exception <a 'sun/nio/fs/WindowsException'{0x00000000d55ecf58}> (0x00000000d55ecf58) 
thrown [s\src\hotspot\share\prims\jni.cpp, line 520]
Event: 238.173 Thread 0x0000026866a7deb0 Exception <a 'sun/nio/fs/WindowsException'{0x00000000d55f12e0}> (0x00000000d55f12e0) 
thrown [s\src\hotspot\share\prims\jni.cpp, line 520]
Event: 238.174 Thread 0x0000026866a7deb0 Exception <a 'sun/nio/fs/WindowsException'{0x00000000d55f33b0}> (0x00000000d55f33b0) 
thrown [s\src\hotspot\share\prims\jni.cpp, line 520]
Event: 238.175 Thread 0x0000026866a7deb0 Exception <a 'sun/nio/fs/WindowsException'{0x00000000d55f3d88}> (0x00000000d55f3d88) 
thrown [s\src\hotspot\share\prims\jni.cpp, line 520]
Event: 238.842 Thread 0x0000026866a7d820 Exception <a 'sun/nio/fs/WindowsException'{0x00000000d56ca490}> (0x00000000d56ca490) 
thrown [s\src\hotspot\share\prims\jni.cpp, line 520]
Event: 238.842 Thread 0x0000026866a7d820 Exception <a 'sun/nio/fs/WindowsException'{0x00000000d56cabb8}> (0x00000000d56cabb8) 
thrown [s\src\hotspot\share\prims\jni.cpp, line 520]
Event: 238.988 Thread 0x0000026866a7d820 Exception <a 'java/lang/NoSuchMethodError'{0x00000000d5723b38}: 'java.lang.Object java.lang.invoke.DirectMethodHandle$Holder.invokeStatic(java.lang.Object, java.lang.Object, int, java.lang.Object)'> (0x00000000d5723b38) 
thrown [s\src\hotspot\share\interpreter\linkResolver.cpp, line 773]
Event: 239.900 Thread 0x0000026866a7d820 Exception <a 'java/io/FileNotFoundException'{0x00000000d569bde0}> (0x00000000d569bde0) 
thrown [s\src\hotspot\share\prims\jni.cpp, line 520]
Event: 239.900 Thread 0x0000026866a7d820 Exception <a 'java/io/FileNotFoundException'{0x00000000d569cb40}> (0x00000000d569cb40) 
thrown [s\src\hotspot\share\prims\jni.cpp, line 520]
Event: 346.249 Thread 0x0000026866a7d820 Exception <a 'sun/nio/fs/WindowsException'{0x00000000d57f46d8}> (0x00000000d57f46d8) 
thrown [s\src\hotspot\share\prims\jni.cpp, line 520]
Event: 346.249 Thread 0x0000026866a7d820 Exception <a 'sun/nio/fs/WindowsException'{0x00000000d57f50b0}> (0x00000000d57f50b0) 
thrown [s\src\hotspot\share\prims\jni.cpp, line 520]
Event: 346.274 Thread 0x0000026866a7d820 Exception <a 'java/lang/NoSuchMethodError'{0x00000000d5838d48}: 'java.lang.Object java.lang.invoke.DirectMethodHandle$Holder.newInvokeSpecial(java.lang.Object, java.lang.Object, java.lang.Object, java.lang.Object, java.lang.Object, java.lang.Object, java.lang.Object, java.lang.Object)'> (0x00000000d5838d48) 
thrown [s\src\hotspot\share\interpreter\linkResolver.cpp, line 773]
Event: 4094.738 Thread 0x0000026869f6d3f0 Exception <a 'java/lang/IncompatibleClassChangeError'{0x00000000d55c3c70}: Found class java.lang.Object, but interface was expected> (0x00000000d55c3c70) 
thrown [s\src\hotspot\share\interpreter\linkResolver.cpp, line 840]

ZGC Phase Switch (0 events):
No events

VM Operations (20 events):
Event: 94448.523 Executing VM operation: HandshakeAllThreads (HandshakeForDeflation)
Event: 94448.523 Executing VM operation: HandshakeAllThreads (HandshakeForDeflation) done
Event: 94448.523 Executing VM operation: RendezvousGCThreads
Event: 94448.523 Executing VM operation: RendezvousGCThreads done
Event: 94568.872 Executing VM operation: HandshakeAllThreads (HandshakeForDeflation)
Event: 94568.872 Executing VM operation: HandshakeAllThreads (HandshakeForDeflation) done
Event: 94568.872 Executing VM operation: RendezvousGCThreads
Event: 94568.872 Executing VM operation: RendezvousGCThreads done
Event: 281941.982 Executing VM operation: HandshakeAllThreads (HandshakeForDeflation)
Event: 281941.983 Executing VM operation: HandshakeAllThreads (HandshakeForDeflation) done
Event: 281941.983 Executing VM operation: RendezvousGCThreads
Event: 281941.983 Executing VM operation: RendezvousGCThreads done
Event: 282002.228 Executing VM operation: HandshakeAllThreads (HandshakeForDeflation)
Event: 282002.231 Executing VM operation: HandshakeAllThreads (HandshakeForDeflation) done
Event: 282002.231 Executing VM operation: RendezvousGCThreads
Event: 282002.231 Executing VM operation: RendezvousGCThreads done
Event: 282062.322 Executing VM operation: HandshakeAllThreads (HandshakeForDeflation)
Event: 282062.322 Executing VM operation: HandshakeAllThreads (HandshakeForDeflation) done
Event: 282062.322 Executing VM operation: RendezvousGCThreads
Event: 282062.322 Executing VM operation: RendezvousGCThreads done

Memory protections (0 events):
No events

Nmethod flushes (20 events):
Event: 111.470 Thread 0x000002684960e880 flushing  nmethod 0x000002684cfb3f10
Event: 111.470 Thread 0x000002684960e880 flushing  nmethod 0x000002684cfb4d10
Event: 111.470 Thread 0x000002684960e880 flushing  nmethod 0x000002684cfdbc10
Event: 111.470 Thread 0x000002684960e880 flushing  nmethod 0x000002684d02a590
Event: 111.470 Thread 0x000002684960e880 flushing  nmethod 0x000002684d02bb90
Event: 111.470 Thread 0x000002684960e880 flushing  nmethod 0x000002684d03c190
Event: 111.470 Thread 0x000002684960e880 flushing  nmethod 0x000002684d04be10
Event: 111.470 Thread 0x000002684960e880 flushing  nmethod 0x000002684d04ee90
Event: 111.470 Thread 0x000002684960e880 flushing  nmethod 0x000002684d04f410
Event: 111.470 Thread 0x000002684960e880 flushing  nmethod 0x000002684d050490
Event: 111.470 Thread 0x000002684960e880 flushing  nmethod 0x000002684d051510
Event: 111.470 Thread 0x000002684960e880 flushing  nmethod 0x000002684d058b90
Event: 111.470 Thread 0x000002684960e880 flushing  nmethod 0x000002684d05db10
Event: 111.470 Thread 0x000002684960e880 flushing  nmethod 0x000002684d065e10
Event: 111.470 Thread 0x000002684960e880 flushing  nmethod 0x000002684d0a6990
Event: 111.470 Thread 0x000002684960e880 flushing  nmethod 0x000002684d0a8290
Event: 111.470 Thread 0x000002684960e880 flushing  nmethod 0x000002684d0a8890
Event: 111.470 Thread 0x000002684960e880 flushing  nmethod 0x000002684d0a9710
Event: 111.470 Thread 0x000002684960e880 flushing  nmethod 0x000002684d0ab910
Event: 111.470 Thread 0x000002684960e880 flushing  nmethod 0x000002684d0d1290

Events (20 events):
Event: 237.251 Thread 0x0000026868980560 Thread exited: 0x0000026868980560
Event: 237.962 Thread 0x0000026866a7d190 Thread exited: 0x0000026866a7d190
Event: 238.061 Thread 0x00000268494ec980 Thread added: 0x000002686897cee0
Event: 238.478 Thread 0x000002686897cee0 Thread exited: 0x000002686897cee0
Event: 263.021 Thread 0x0000026868b38020 Thread exited: 0x0000026868b38020
Event: 263.021 Thread 0x0000026866a7c470 Thread exited: 0x0000026866a7c470
Event: 263.021 Thread 0x0000026868b386b0 Thread exited: 0x0000026868b386b0
Event: 297.429 Thread 0x0000026866f53f00 Thread exited: 0x0000026866f53f00
Event: 297.459 Thread 0x0000026869f6c6d0 Thread exited: 0x0000026869f6c6d0
Event: 298.038 Thread 0x0000026873dd2a00 Thread exited: 0x0000026873dd2a00
Event: 298.087 Thread 0x0000026869f69250 Thread exited: 0x0000026869f69250
Event: 346.208 Thread 0x0000026866a7d820 Thread added: 0x0000026873dd0930
Event: 346.232 Thread 0x0000026873dd0930 Thread exited: 0x0000026873dd0930
Event: 346.253 Thread 0x0000026866a7d820 Thread added: 0x0000026873dd0930
Event: 346.255 Thread 0x0000026873dd0930 Thread exited: 0x0000026873dd0930
Event: 346.415 Thread 0x0000026866a7deb0 Thread added: 0x0000026873dd0fc0
Event: 358.038 Thread 0x0000026873dd2370 Thread exited: 0x0000026873dd2370
Event: 406.431 Thread 0x0000026866a7deb0 Thread exited: 0x0000026866a7deb0
Event: 418.053 Thread 0x0000026873dcf580 Thread exited: 0x0000026873dcf580
Event: 478.067 Thread 0x0000026873dd1650 Thread exited: 0x0000026873dd1650


Dynamic libraries:
0x00007ff698440000 - 0x00007ff69844e000 	c:\Users\DELL\.vscode\extensions\redhat.java-1.50.0-win32-x64\jre\21.0.9-win32-x86_64\bin\java.exe
0x00007fff7eb20000 - 0x00007fff7ed87000 	C:\WINDOWS\SYSTEM32\ntdll.dll
0x00007fff7da80000 - 0x00007fff7db49000 	C:\WINDOWS\System32\KERNEL32.DLL
0x00007fff7be80000 - 0x00007fff7c26f000 	C:\WINDOWS\System32\KERNELBASE.dll
0x00007fff7bd30000 - 0x00007fff7be7b000 	C:\WINDOWS\System32\ucrtbase.dll
0x00007fff487a0000 - 0x00007fff487b8000 	c:\Users\DELL\.vscode\extensions\redhat.java-1.50.0-win32-x64\jre\21.0.9-win32-x86_64\bin\jli.dll
0x00007fff7e910000 - 0x00007fff7ead5000 	C:\WINDOWS\System32\USER32.dll
0x00007fff48180000 - 0x00007fff4819e000 	c:\Users\DELL\.vscode\extensions\redhat.java-1.50.0-win32-x64\jre\21.0.9-win32-x86_64\bin\VCRUNTIME140.dll
0x00007fff7c530000 - 0x00007fff7c557000 	C:\WINDOWS\System32\win32u.dll
0x00007fff66d00000 - 0x00007fff66f93000 	C:\WINDOWS\WinSxS\amd64_microsoft.windows.common-controls_6595b64144ccf1df_6.0.26100.7309_none_3e05feeae336a044\COMCTL32.dll
0x00007fff7d010000 - 0x00007fff7d0b9000 	C:\WINDOWS\System32\msvcrt.dll
0x00007fff7e080000 - 0x00007fff7e0ab000 	C:\WINDOWS\System32\GDI32.dll
0x00007fff7c6e0000 - 0x00007fff7c80c000 	C:\WINDOWS\System32\gdi32full.dll
0x00007fff7c280000 - 0x00007fff7c323000 	C:\WINDOWS\System32\msvcp_win.dll
0x00007fff7dd30000 - 0x00007fff7dd61000 	C:\WINDOWS\System32\IMM32.DLL
0x00007fff63870000 - 0x00007fff6387c000 	c:\Users\DELL\.vscode\extensions\redhat.java-1.50.0-win32-x64\jre\21.0.9-win32-x86_64\bin\vcruntime140_1.dll
0x00007fff1afd0000 - 0x00007fff1b05d000 	c:\Users\DELL\.vscode\extensions\redhat.java-1.50.0-win32-x64\jre\21.0.9-win32-x86_64\bin\msvcp140.dll
0x00007ffeac1d0000 - 0x00007ffeacf70000 	c:\Users\DELL\.vscode\extensions\redhat.java-1.50.0-win32-x64\jre\21.0.9-win32-x86_64\bin\server\jvm.dll
0x00007fff7cab0000 - 0x00007fff7cb64000 	C:\WINDOWS\System32\ADVAPI32.dll
0x00007fff7dd70000 - 0x00007fff7de16000 	C:\WINDOWS\System32\sechost.dll
0x00007fff7e0b0000 - 0x00007fff7e1c8000 	C:\WINDOWS\System32\RPCRT4.dll
0x00007fff7dfe0000 - 0x00007fff7e054000 	C:\WINDOWS\System32\WS2_32.dll
0x00007fff7baf0000 - 0x00007fff7bb4e000 	C:\WINDOWS\SYSTEM32\POWRPROF.dll
0x00007fff65960000 - 0x00007fff65995000 	C:\WINDOWS\SYSTEM32\WINMM.dll
0x00007fff79650000 - 0x00007fff7965b000 	C:\WINDOWS\SYSTEM32\VERSION.dll
0x00007fff7bad0000 - 0x00007fff7bae4000 	C:\WINDOWS\SYSTEM32\UMPDC.dll
0x00007fff7a9e0000 - 0x00007fff7a9fb000 	C:\WINDOWS\SYSTEM32\kernel.appcore.dll
0x00007fff61490000 - 0x00007fff6149a000 	c:\Users\DELL\.vscode\extensions\redhat.java-1.50.0-win32-x64\jre\21.0.9-win32-x86_64\bin\jimage.dll
0x00007fff698b0000 - 0x00007fff69af2000 	C:\WINDOWS\SYSTEM32\DBGHELP.DLL
0x00007fff7cb70000 - 0x00007fff7cef5000 	C:\WINDOWS\System32\combase.dll
0x00007fff7def0000 - 0x00007fff7dfc6000 	C:\WINDOWS\System32\OLEAUT32.dll
0x00007fff63270000 - 0x00007fff632ac000 	C:\WINDOWS\SYSTEM32\dbgcore.DLL
0x00007fff7c810000 - 0x00007fff7c8b5000 	C:\WINDOWS\System32\bcryptPrimitives.dll
0x00007fff548a0000 - 0x00007fff548af000 	c:\Users\DELL\.vscode\extensions\redhat.java-1.50.0-win32-x64\jre\21.0.9-win32-x86_64\bin\instrument.dll
0x00007fff48020000 - 0x00007fff48040000 	c:\Users\DELL\.vscode\extensions\redhat.java-1.50.0-win32-x64\jre\21.0.9-win32-x86_64\bin\java.dll
0x00007fff7d320000 - 0x00007fff7da73000 	C:\WINDOWS\System32\SHELL32.dll
0x00007fff7c330000 - 0x00007fff7c49a000 	C:\WINDOWS\System32\wintypes.dll
0x00007fff79850000 - 0x00007fff7a0ae000 	C:\WINDOWS\SYSTEM32\windows.storage.dll
0x00007fff7e7d0000 - 0x00007fff7e8c5000 	C:\WINDOWS\System32\SHCORE.dll
0x00007fff7d1c0000 - 0x00007fff7d226000 	C:\WINDOWS\System32\shlwapi.dll
0x00007fff7bb90000 - 0x00007fff7bbb9000 	C:\WINDOWS\SYSTEM32\profapi.dll
0x00007fff455c0000 - 0x00007fff455d8000 	c:\Users\DELL\.vscode\extensions\redhat.java-1.50.0-win32-x64\jre\21.0.9-win32-x86_64\bin\zip.dll
0x00007fff556f0000 - 0x00007fff55700000 	C:\Users\DELL\.vscode\extensions\redhat.java-1.50.0-win32-x64\jre\21.0.9-win32-x86_64\bin\net.dll
0x00007fff79660000 - 0x00007fff79788000 	C:\WINDOWS\SYSTEM32\WINHTTP.dll
0x00007fff7af30000 - 0x00007fff7af9b000 	C:\WINDOWS\system32\mswsock.dll
0x00007fff44ae0000 - 0x00007fff44af6000 	C:\Users\DELL\.vscode\extensions\redhat.java-1.50.0-win32-x64\jre\21.0.9-win32-x86_64\bin\nio.dll
0x00007fff54870000 - 0x00007fff54880000 	c:\Users\DELL\.vscode\extensions\redhat.java-1.50.0-win32-x64\jre\21.0.9-win32-x86_64\bin\verify.dll
0x00007fff43a20000 - 0x00007fff43a64000 	C:\Users\DELL\AppData\Roaming\Code\User\globalStorage\redhat.java\1.50.0\config_win\org.eclipse.equinox.launcher\org.eclipse.equinox.launcher.win32.win32.x86_64_1.2.1400.v20250801-0854\eclipse_11916.dll
0x00007fff7c8c0000 - 0x00007fff7ca57000 	C:\WINDOWS\System32\ole32.dll
0x00007fff7b320000 - 0x00007fff7b33b000 	C:\WINDOWS\SYSTEM32\CRYPTSP.dll
0x00007fff7a940000 - 0x00007fff7a97a000 	C:\WINDOWS\system32\rsaenh.dll
0x00007fff7afe0000 - 0x00007fff7b00b000 	C:\WINDOWS\SYSTEM32\USERENV.dll
0x00007fff7bb60000 - 0x00007fff7bb8a000 	C:\WINDOWS\SYSTEM32\bcrypt.dll
0x00007fff7b180000 - 0x00007fff7b18c000 	C:\WINDOWS\SYSTEM32\CRYPTBASE.dll
0x00007fff7a3d0000 - 0x00007fff7a404000 	C:\WINDOWS\SYSTEM32\IPHLPAPI.DLL
0x00007fff7dfd0000 - 0x00007fff7dfda000 	C:\WINDOWS\System32\NSI.dll
0x00007fff3dc30000 - 0x00007fff3dc79000 	H:\flutter_temp\jna-2094529\jna8003113836605912327.dll
0x00007fff7e8d0000 - 0x00007fff7e8d8000 	C:\WINDOWS\System32\PSAPI.DLL
0x00007fff73a30000 - 0x00007fff73a4e000 	C:\WINDOWS\SYSTEM32\dhcpcsvc6.DLL
0x00007fff731b0000 - 0x00007fff731d3000 	C:\WINDOWS\SYSTEM32\dhcpcsvc.DLL
0x00007fff439f0000 - 0x00007fff43a17000 	C:\Users\DELL\.gradle\native\1def1411415f61bf3af743bc5b6707747c0891f09f0c88961ee8f79bc544acac\windows-amd64\native-platform.dll
0x00007fff547b0000 - 0x00007fff547ba000 	C:\Users\DELL\.vscode\extensions\redhat.java-1.50.0-win32-x64\jre\21.0.9-win32-x86_64\bin\management.dll
0x00007fff54730000 - 0x00007fff5473c000 	C:\Users\DELL\.vscode\extensions\redhat.java-1.50.0-win32-x64\jre\21.0.9-win32-x86_64\bin\management_ext.dll
0x00007fff727c0000 - 0x00007fff727c9000 	C:\Users\DELL\.vscode\extensions\redhat.java-1.50.0-win32-x64\jre\21.0.9-win32-x86_64\bin\extnet.dll
0x00007fff727d0000 - 0x00007fff727de000 	C:\Users\DELL\.vscode\extensions\redhat.java-1.50.0-win32-x64\jre\21.0.9-win32-x86_64\bin\sunmscapi.dll
0x00007fff7c560000 - 0x00007fff7c6d7000 	C:\WINDOWS\System32\CRYPT32.dll
0x00007fff7b470000 - 0x00007fff7b4a0000 	C:\WINDOWS\SYSTEM32\ncrypt.dll
0x00007fff7b420000 - 0x00007fff7b45f000 	C:\WINDOWS\SYSTEM32\NTASN1.dll
0x00007fff74f00000 - 0x00007fff74f08000 	C:\WINDOWS\system32\wshunix.dll
0x00007fff43630000 - 0x00007fff43657000 	C:\Users\DELL\.gradle\native\c067742578af261105cb4f569cf0c3c89f3d7b1fecec35dd04571415982c5e48\windows-amd64\native-platform.dll

JVMTI agents:
c:\Users\DELL\.vscode\extensions\redhat.java-1.50.0-win32-x64\lombok\lombok-1.18.39-4050.jar path:c:\Users\DELL\.vscode\extensions\redhat.java-1.50.0-win32-x64\jre\21.0.9-win32-x86_64\bin\instrument.dll, loaded, initialized, instrumentlib options:none

dbghelp: loaded successfully - version: 4.0.5 - missing functions: none
symbol engine: initialized successfully - sym options: 0x614 - pdb path: .;c:\Users\DELL\.vscode\extensions\redhat.java-1.50.0-win32-x64\jre\21.0.9-win32-x86_64\bin;C:\WINDOWS\SYSTEM32;C:\WINDOWS\WinSxS\amd64_microsoft.windows.common-controls_6595b64144ccf1df_6.0.26100.7309_none_3e05feeae336a044;c:\Users\DELL\.vscode\extensions\redhat.java-1.50.0-win32-x64\jre\21.0.9-win32-x86_64\bin\server;C:\Users\DELL\AppData\Roaming\Code\User\globalStorage\redhat.java\1.50.0\config_win\org.eclipse.equinox.launcher\org.eclipse.equinox.launcher.win32.win32.x86_64_1.2.1400.v20250801-0854;H:\flutter_temp\jna-2094529;C:\Users\DELL\.gradle\native\1def1411415f61bf3af743bc5b6707747c0891f09f0c88961ee8f79bc544acac\windows-amd64;C:\Users\DELL\.gradle\native\c067742578af261105cb4f569cf0c3c89f3d7b1fecec35dd04571415982c5e48\windows-amd64

VM Arguments:
jvm_args: --add-modules=ALL-SYSTEM --add-opens=java.base/java.util=ALL-UNNAMED --add-opens=java.base/java.lang=ALL-UNNAMED --add-opens=java.base/sun.nio.fs=ALL-UNNAMED -Declipse.application=org.eclipse.jdt.ls.core.id1 -Dosgi.bundles.defaultStartLevel=4 -Declipse.product=org.eclipse.jdt.ls.core.product -Djava.import.generatesMetadataFilesAtProjectRoot=false -DDetectVMInstallationsJob.disabled=true -Dfile.encoding=utf8 -XX:+UseParallelGC -XX:GCTimeRatio=4 -XX:AdaptiveSizePolicyWeight=90 -Dsun.zip.disableMemoryMapping=true -Xmx2G -Xms100m -Xlog:disable -javaagent:c:\Users\DELL\.vscode\extensions\redhat.java-1.50.0-win32-x64\lombok\lombok-1.18.39-4050.jar -XX:+HeapDumpOnOutOfMemoryError -XX:HeapDumpPath=c:\Users\DELL\AppData\Roaming\Code\User\workspaceStorage\30503a760538dbedccd611e4cef3291b\redhat.java -Daether.dependencyCollector.impl=bf 
java_command: c:\Users\DELL\.vscode\extensions\redhat.java-1.50.0-win32-x64\server\plugins\org.eclipse.equinox.launcher_1.7.100.v20251111-0406.jar -configuration c:\Users\DELL\AppData\Roaming\Code\User\globalStorage\redhat.java\1.50.0\config_win -data c:\Users\DELL\AppData\Roaming\Code\User\workspaceStorage\30503a760538dbedccd611e4cef3291b\redhat.java\jdt_ws --pipe=\\.\pipe\lsp-f2d8eadc42c15622c25316be30cb5e13-sock
java_class_path (initial): c:\Users\DELL\.vscode\extensions\redhat.java-1.50.0-win32-x64\server\plugins\org.eclipse.equinox.launcher_1.7.100.v20251111-0406.jar
Launcher Type: SUN_STANDARD

[Global flags]
    uintx AdaptiveSizePolicyWeight                 = 90                                        {product} {command line}
     intx CICompilerCount                          = 4                                         {product} {ergonomic}
    uintx GCTimeRatio                              = 4                                         {product} {command line}
     bool HeapDumpOnOutOfMemoryError               = true                                   {manageable} {command line}
    ccstr HeapDumpPath                             = c:\Users\DELL\AppData\Roaming\Code\User\workspaceStorage\30503a760538dbedccd611e4cef3291b\redhat.java         {manageable} {command line}
   size_t InitialHeapSize                          = 104857600                                 {product} {command line}
   size_t MaxHeapSize                              = 2147483648                                {product} {command line}
   size_t MaxNewSize                               = 715653120                                 {product} {ergonomic}
   size_t MinHeapDeltaBytes                        = 524288                                    {product} {ergonomic}
   size_t MinHeapSize                              = 104857600                                 {product} {command line}
   size_t NewSize                                  = 34603008                                  {product} {ergonomic}
    uintx NonNMethodCodeHeapSize                   = 5839372                                {pd product} {ergonomic}
    uintx NonProfiledCodeHeapSize                  = 122909434                              {pd product} {ergonomic}
   size_t OldSize                                  = 70254592                                  {product} {ergonomic}
    uintx ProfiledCodeHeapSize                     = 122909434                              {pd product} {ergonomic}
    uintx ReservedCodeCacheSize                    = 251658240                              {pd product} {ergonomic}
     bool SegmentedCodeCache                       = true                                      {product} {ergonomic}
   size_t SoftMaxHeapSize                          = 2147483648                             {manageable} {ergonomic}
     bool UseCompressedOops                        = true                           {product lp64_product} {ergonomic}
     bool UseLargePagesIndividualAllocation        = false                                  {pd product} {ergonomic}
     bool UseParallelGC                            = true                                      {product} {command line}

Logging:
Log output configuration:
 #0: stdout all=off uptime,level,tags foldmultilines=false
 #1: stderr all=off uptime,level,tags foldmultilines=false

Release file:
JAVA_VERSION="21.0.9" 
MODULES="java.base java.compiler java.datatransfer java.xml java.prefs java.desktop java.instrument java.logging java.management java.security.sasl java.naming java.rmi java.management.rmi java.net.http java.scripting java.security.jgss java.transaction.xa java.sql java.sql.rowset java.xml.crypto java.se java.smartcardio jdk.accessibility jdk.internal.jvmstat jdk.attach jdk.charsets jdk.internal.opt jdk.zipfs jdk.compiler jdk.crypto.ec jdk.crypto.cryptoki jdk.crypto.mscapi jdk.dynalink jdk.internal.ed jdk.editpad jdk.hotspot.agent jdk.httpserver jdk.internal.le jdk.internal.vm.ci jdk.internal.vm.compiler jdk.internal.vm.compiler.management jdk.jartool jdk.javadoc jdk.jcmd jdk.management jdk.management.agent jdk.jconsole jdk.jdeps jdk.jdwp.agent jdk.jdi jdk.jfr jdk.jshell jdk.jsobject jdk.jstatd jdk.localedata jdk.management.jfr jdk.naming.dns jdk.naming.rmi jdk.net jdk.nio.mapmode jdk.random jdk.sctp jdk.security.auth jdk.security.jgss jdk.unsupported jdk.unsupported.desktop jdk.xml.dom" 

Environment Variables:
JAVA_HOME=C:\Program Files\Eclipse Adoptium\jdk-17.0.17.10-hotspot
PATH=C:\Program Files\Eclipse Adoptium\jdk-17.0.17.10-hotspot\bin;C:\Program Files\Eclipse Adoptium\jdk-17.0.16.8-hotspot;C:\Users\DELL\AppData\Local\Programs\Python\Python313\Scripts\;C:\Users\DELL\AppData\Local\Programs\Python\Python313\;C:\WINDOWS\system32;C:\WINDOWS;C:\WINDOWS\System32\Wbem;C:\WINDOWS\System32\WindowsPowerShell\v1.0\;C:\WINDOWS\System32\OpenSSH\;C:\Program Files\Microsoft VS Code\bin;C:\Program Files (x86)\Windows Kits\10\Windows Performance Toolkit\;C:\Program Files\dotnet\;C:\ProgramData\chocolatey\bin;D:\Downloads\apache-maven-3.9.11-bin;D:\Programs\apache-maven-3.9.4\bin;D:\Downloads\apache-maven-3.9.11-bin (1).zip\bin;C:\Program Files\Eclipse Adoptium\jdk-17.0.16.8-hotspot\bin;C:\Program Files\Docker\Docker\resources\bin;D:\Downloads\apache-maven-3.9.11-bin (1).zip\bin;C:\Program Files\swipl\bin;C:\Users\DELL\AppData\Local\nvm;C:\Intel\nodejs;C:\Program Files\nodejs\;C:\Program Files\Git\cmd;$env:PATH;C:\src\flutter\bin
USERNAME=DELL
OS=Windows_NT
PROCESSOR_IDENTIFIER=Intel64 Family 6 Model 142 Stepping 10, GenuineIntel
TMP=H:\FLUTTE~1
TEMP=H:\FLUTTE~1




Periodic native trim disabled

---------------  S Y S T E M  ---------------

OS:
 Windows 11 , 64 bit Build 26100 (10.0.26100.7309)
OS uptime: 13 days 13:15 hours
Hyper-V role detected

CPU: total 8 (initial active 8) (4 cores per cpu, 2 threads per core) family 6 model 142 stepping 10 microcode 0xf4, cx8, cmov, fxsr, ht, mmx, 3dnowpref, sse, sse2, sse3, ssse3, sse4.1, sse4.2, popcnt, lzcnt, tsc, tscinvbit, avx, avx2, aes, erms, clmul, bmi1, bmi2, rtm, adx, fma, vzeroupper, clflush, clflushopt, hv, rdtscp, f16c
Processor Information for the first 8 processors :
  Max Mhz: 2112, Current Mhz: 1910, Mhz Limit: 1900

Memory: 4k page, system-wide physical 8070M (900M free)
TotalPageFile size 25478M (AvailPageFile size 10152M)
current process WorkingSet (physical memory assigned to process): 12M, peak: 715M
current process commit charge ("private bytes"): 740M, peak: 740M

vm_info: OpenJDK 64-Bit Server VM (21.0.9+10-LTS) for windows-amd64 JRE (21.0.9+10-LTS), built on 2025-10-21T00:00:00Z by "admin" with unknown MS VC++:1942

END.
